============================= test session starts =============================
platform win32 -- Python 3.13.3, pytest-9.0.2, pluggy-1.6.0
rootdir: C:\Users\expert\Documents\PKA\Pikar-Ai
configfile: pyproject.toml
plugins: anyio-4.12.1, asyncio-1.3.0
asyncio: mode=Mode.STRICT, debug=False, asyncio_default_fixture_loop_scope=None, asyncio_default_test_loop_scope=function
collected 11 items

tests\test_cache_service.py EEEEEEEEEEE                                  [100%]

=================================== ERRORS ====================================
____________________ ERROR at setup of test_initialization ____________________

self = <Coroutine test_initialization>

    def setup(self) -> None:
        runner_fixture_id = f"_{self._loop_scope}_scoped_runner"
        if runner_fixture_id not in self.fixturenames:
            self.fixturenames.append(runner_fixture_id)
>       return super().setup()
               ^^^^^^^^^^^^^^^

..\..\..\AppData\Roaming\Python\Python313\site-packages\pytest_asyncio\plugin.py:458: 
_ _ _ _ _ _ _ _ _ _ _ _ _ _ _ _ _ _ _ _ _ _ _ _ _ _ _ _ _ _ _ _ _ _ _ _ _ _ _ _

fixturedef = <FixtureDef argname='mock_redis' scope='function' baseid='tests/test_cache_service.py'>
request = <SubRequest 'mock_redis' for <Coroutine test_initialization>>

    @pytest.hookimpl(wrapper=True)
    def pytest_fixture_setup(fixturedef: FixtureDef, request) -> object | None:
        asyncio_mode = _get_asyncio_mode(request.config)
        if not _is_asyncio_fixture_function(fixturedef.func):
            if asyncio_mode == Mode.STRICT:
                # Ignore async fixtures without explicit asyncio mark in strict mode
                # This applies to pytest_trio fixtures, for example
>               return (yield)
                        ^^^^^
E               pytest.PytestRemovedIn9Warning: 'test_initialization' requested an async fixture 'mock_redis', with no plugin or hook that handled it. This is usually an error, as pytest does not natively support it. This will turn into an error in pytest 9.
E               See: https://docs.pytest.org/en/stable/deprecations.html#sync-test-depending-on-async-fixture

..\..\..\AppData\Roaming\Python\Python313\site-packages\pytest_asyncio\plugin.py:728: PytestRemovedIn9Warning
_________________ ERROR at setup of test_get_user_config_hit __________________

self = <Coroutine test_get_user_config_hit>

    def setup(self) -> None:
        runner_fixture_id = f"_{self._loop_scope}_scoped_runner"
        if runner_fixture_id not in self.fixturenames:
            self.fixturenames.append(runner_fixture_id)
>       return super().setup()
               ^^^^^^^^^^^^^^^

..\..\..\AppData\Roaming\Python\Python313\site-packages\pytest_asyncio\plugin.py:458: 
_ _ _ _ _ _ _ _ _ _ _ _ _ _ _ _ _ _ _ _ _ _ _ _ _ _ _ _ _ _ _ _ _ _ _ _ _ _ _ _

fixturedef = <FixtureDef argname='mock_redis' scope='function' baseid='tests/test_cache_service.py'>
request = <SubRequest 'mock_redis' for <Coroutine test_get_user_config_hit>>

    @pytest.hookimpl(wrapper=True)
    def pytest_fixture_setup(fixturedef: FixtureDef, request) -> object | None:
        asyncio_mode = _get_asyncio_mode(request.config)
        if not _is_asyncio_fixture_function(fixturedef.func):
            if asyncio_mode == Mode.STRICT:
                # Ignore async fixtures without explicit asyncio mark in strict mode
                # This applies to pytest_trio fixtures, for example
>               return (yield)
                        ^^^^^
E               pytest.PytestRemovedIn9Warning: 'test_get_user_config_hit' requested an async fixture 'mock_redis', with no plugin or hook that handled it. This is usually an error, as pytest does not natively support it. This will turn into an error in pytest 9.
E               See: https://docs.pytest.org/en/stable/deprecations.html#sync-test-depending-on-async-fixture

..\..\..\AppData\Roaming\Python\Python313\site-packages\pytest_asyncio\plugin.py:728: PytestRemovedIn9Warning
_________________ ERROR at setup of test_get_user_config_miss _________________

self = <Coroutine test_get_user_config_miss>

    def setup(self) -> None:
        runner_fixture_id = f"_{self._loop_scope}_scoped_runner"
        if runner_fixture_id not in self.fixturenames:
            self.fixturenames.append(runner_fixture_id)
>       return super().setup()
               ^^^^^^^^^^^^^^^

..\..\..\AppData\Roaming\Python\Python313\site-packages\pytest_asyncio\plugin.py:458: 
_ _ _ _ _ _ _ _ _ _ _ _ _ _ _ _ _ _ _ _ _ _ _ _ _ _ _ _ _ _ _ _ _ _ _ _ _ _ _ _

fixturedef = <FixtureDef argname='mock_redis' scope='function' baseid='tests/test_cache_service.py'>
request = <SubRequest 'mock_redis' for <Coroutine test_get_user_config_miss>>

    @pytest.hookimpl(wrapper=True)
    def pytest_fixture_setup(fixturedef: FixtureDef, request) -> object | None:
        asyncio_mode = _get_asyncio_mode(request.config)
        if not _is_asyncio_fixture_function(fixturedef.func):
            if asyncio_mode == Mode.STRICT:
                # Ignore async fixtures without explicit asyncio mark in strict mode
                # This applies to pytest_trio fixtures, for example
>               return (yield)
                        ^^^^^
E               pytest.PytestRemovedIn9Warning: 'test_get_user_config_miss' requested an async fixture 'mock_redis', with no plugin or hook that handled it. This is usually an error, as pytest does not natively support it. This will turn into an error in pytest 9.
E               See: https://docs.pytest.org/en/stable/deprecations.html#sync-test-depending-on-async-fixture

..\..\..\AppData\Roaming\Python\Python313\site-packages\pytest_asyncio\plugin.py:728: PytestRemovedIn9Warning
________________ ERROR at setup of test_get_user_config_error _________________

self = <Coroutine test_get_user_config_error>

    def setup(self) -> None:
        runner_fixture_id = f"_{self._loop_scope}_scoped_runner"
        if runner_fixture_id not in self.fixturenames:
            self.fixturenames.append(runner_fixture_id)
>       return super().setup()
               ^^^^^^^^^^^^^^^

..\..\..\AppData\Roaming\Python\Python313\site-packages\pytest_asyncio\plugin.py:458: 
_ _ _ _ _ _ _ _ _ _ _ _ _ _ _ _ _ _ _ _ _ _ _ _ _ _ _ _ _ _ _ _ _ _ _ _ _ _ _ _

fixturedef = <FixtureDef argname='mock_redis' scope='function' baseid='tests/test_cache_service.py'>
request = <SubRequest 'mock_redis' for <Coroutine test_get_user_config_error>>

    @pytest.hookimpl(wrapper=True)
    def pytest_fixture_setup(fixturedef: FixtureDef, request) -> object | None:
        asyncio_mode = _get_asyncio_mode(request.config)
        if not _is_asyncio_fixture_function(fixturedef.func):
            if asyncio_mode == Mode.STRICT:
                # Ignore async fixtures without explicit asyncio mark in strict mode
                # This applies to pytest_trio fixtures, for example
>               return (yield)
                        ^^^^^
E               pytest.PytestRemovedIn9Warning: 'test_get_user_config_error' requested an async fixture 'mock_redis', with no plugin or hook that handled it. This is usually an error, as pytest does not natively support it. This will turn into an error in pytest 9.
E               See: https://docs.pytest.org/en/stable/deprecations.html#sync-test-depending-on-async-fixture

..\..\..\AppData\Roaming\Python\Python313\site-packages\pytest_asyncio\plugin.py:728: PytestRemovedIn9Warning
___________________ ERROR at setup of test_set_user_config ____________________

self = <Coroutine test_set_user_config>

    def setup(self) -> None:
        runner_fixture_id = f"_{self._loop_scope}_scoped_runner"
        if runner_fixture_id not in self.fixturenames:
            self.fixturenames.append(runner_fixture_id)
>       return super().setup()
               ^^^^^^^^^^^^^^^

..\..\..\AppData\Roaming\Python\Python313\site-packages\pytest_asyncio\plugin.py:458: 
_ _ _ _ _ _ _ _ _ _ _ _ _ _ _ _ _ _ _ _ _ _ _ _ _ _ _ _ _ _ _ _ _ _ _ _ _ _ _ _

fixturedef = <FixtureDef argname='mock_redis' scope='function' baseid='tests/test_cache_service.py'>
request = <SubRequest 'mock_redis' for <Coroutine test_set_user_config>>

    @pytest.hookimpl(wrapper=True)
    def pytest_fixture_setup(fixturedef: FixtureDef, request) -> object | None:
        asyncio_mode = _get_asyncio_mode(request.config)
        if not _is_asyncio_fixture_function(fixturedef.func):
            if asyncio_mode == Mode.STRICT:
                # Ignore async fixtures without explicit asyncio mark in strict mode
                # This applies to pytest_trio fixtures, for example
>               return (yield)
                        ^^^^^
E               pytest.PytestRemovedIn9Warning: 'test_set_user_config' requested an async fixture 'mock_redis', with no plugin or hook that handled it. This is usually an error, as pytest does not natively support it. This will turn into an error in pytest 9.
E               See: https://docs.pytest.org/en/stable/deprecations.html#sync-test-depending-on-async-fixture

..\..\..\AppData\Roaming\Python\Python313\site-packages\pytest_asyncio\plugin.py:728: PytestRemovedIn9Warning
________________ ERROR at setup of test_invalidate_user_config ________________

self = <Coroutine test_invalidate_user_config>

    def setup(self) -> None:
        runner_fixture_id = f"_{self._loop_scope}_scoped_runner"
        if runner_fixture_id not in self.fixturenames:
            self.fixturenames.append(runner_fixture_id)
>       return super().setup()
               ^^^^^^^^^^^^^^^

..\..\..\AppData\Roaming\Python\Python313\site-packages\pytest_asyncio\plugin.py:458: 
_ _ _ _ _ _ _ _ _ _ _ _ _ _ _ _ _ _ _ _ _ _ _ _ _ _ _ _ _ _ _ _ _ _ _ _ _ _ _ _

fixturedef = <FixtureDef argname='mock_redis' scope='function' baseid='tests/test_cache_service.py'>
request = <SubRequest 'mock_redis' for <Coroutine test_invalidate_user_config>>

    @pytest.hookimpl(wrapper=True)
    def pytest_fixture_setup(fixturedef: FixtureDef, request) -> object | None:
        asyncio_mode = _get_asyncio_mode(request.config)
        if not _is_asyncio_fixture_function(fixturedef.func):
            if asyncio_mode == Mode.STRICT:
                # Ignore async fixtures without explicit asyncio mark in strict mode
                # This applies to pytest_trio fixtures, for example
>               return (yield)
                        ^^^^^
E               pytest.PytestRemovedIn9Warning: 'test_invalidate_user_config' requested an async fixture 'mock_redis', with no plugin or hook that handled it. This is usually an error, as pytest does not natively support it. This will turn into an error in pytest 9.
E               See: https://docs.pytest.org/en/stable/deprecations.html#sync-test-depending-on-async-fixture

..\..\..\AppData\Roaming\Python\Python313\site-packages\pytest_asyncio\plugin.py:728: PytestRemovedIn9Warning
_______________ ERROR at setup of test_get_session_metadata_hit _______________

self = <Coroutine test_get_session_metadata_hit>

    def setup(self) -> None:
        runner_fixture_id = f"_{self._loop_scope}_scoped_runner"
        if runner_fixture_id not in self.fixturenames:
            self.fixturenames.append(runner_fixture_id)
>       return super().setup()
               ^^^^^^^^^^^^^^^

..\..\..\AppData\Roaming\Python\Python313\site-packages\pytest_asyncio\plugin.py:458: 
_ _ _ _ _ _ _ _ _ _ _ _ _ _ _ _ _ _ _ _ _ _ _ _ _ _ _ _ _ _ _ _ _ _ _ _ _ _ _ _

fixturedef = <FixtureDef argname='mock_redis' scope='function' baseid='tests/test_cache_service.py'>
request = <SubRequest 'mock_redis' for <Coroutine test_get_session_metadata_hit>>

    @pytest.hookimpl(wrapper=True)
    def pytest_fixture_setup(fixturedef: FixtureDef, request) -> object | None:
        asyncio_mode = _get_asyncio_mode(request.config)
        if not _is_asyncio_fixture_function(fixturedef.func):
            if asyncio_mode == Mode.STRICT:
                # Ignore async fixtures without explicit asyncio mark in strict mode
                # This applies to pytest_trio fixtures, for example
>               return (yield)
                        ^^^^^
E               pytest.PytestRemovedIn9Warning: 'test_get_session_metadata_hit' requested an async fixture 'mock_redis', with no plugin or hook that handled it. This is usually an error, as pytest does not natively support it. This will turn into an error in pytest 9.
E               See: https://docs.pytest.org/en/stable/deprecations.html#sync-test-depending-on-async-fixture

..\..\..\AppData\Roaming\Python\Python313\site-packages\pytest_asyncio\plugin.py:728: PytestRemovedIn9Warning
_________________ ERROR at setup of test_set_session_metadata _________________

self = <Coroutine test_set_session_metadata>

    def setup(self) -> None:
        runner_fixture_id = f"_{self._loop_scope}_scoped_runner"
        if runner_fixture_id not in self.fixturenames:
            self.fixturenames.append(runner_fixture_id)
>       return super().setup()
               ^^^^^^^^^^^^^^^

..\..\..\AppData\Roaming\Python\Python313\site-packages\pytest_asyncio\plugin.py:458: 
_ _ _ _ _ _ _ _ _ _ _ _ _ _ _ _ _ _ _ _ _ _ _ _ _ _ _ _ _ _ _ _ _ _ _ _ _ _ _ _

fixturedef = <FixtureDef argname='mock_redis' scope='function' baseid='tests/test_cache_service.py'>
request = <SubRequest 'mock_redis' for <Coroutine test_set_session_metadata>>

    @pytest.hookimpl(wrapper=True)
    def pytest_fixture_setup(fixturedef: FixtureDef, request) -> object | None:
        asyncio_mode = _get_asyncio_mode(request.config)
        if not _is_asyncio_fixture_function(fixturedef.func):
            if asyncio_mode == Mode.STRICT:
                # Ignore async fixtures without explicit asyncio mark in strict mode
                # This applies to pytest_trio fixtures, for example
>               return (yield)
                        ^^^^^
E               pytest.PytestRemovedIn9Warning: 'test_set_session_metadata' requested an async fixture 'mock_redis', with no plugin or hook that handled it. This is usually an error, as pytest does not natively support it. This will turn into an error in pytest 9.
E               See: https://docs.pytest.org/en/stable/deprecations.html#sync-test-depending-on-async-fixture

..\..\..\AppData\Roaming\Python\Python313\site-packages\pytest_asyncio\plugin.py:728: PytestRemovedIn9Warning
__________________ ERROR at setup of test_invalidate_session __________________

self = <Coroutine test_invalidate_session>

    def setup(self) -> None:
        runner_fixture_id = f"_{self._loop_scope}_scoped_runner"
        if runner_fixture_id not in self.fixturenames:
            self.fixturenames.append(runner_fixture_id)
>       return super().setup()
               ^^^^^^^^^^^^^^^

..\..\..\AppData\Roaming\Python\Python313\site-packages\pytest_asyncio\plugin.py:458: 
_ _ _ _ _ _ _ _ _ _ _ _ _ _ _ _ _ _ _ _ _ _ _ _ _ _ _ _ _ _ _ _ _ _ _ _ _ _ _ _

fixturedef = <FixtureDef argname='mock_redis' scope='function' baseid='tests/test_cache_service.py'>
request = <SubRequest 'mock_redis' for <Coroutine test_invalidate_session>>

    @pytest.hookimpl(wrapper=True)
    def pytest_fixture_setup(fixturedef: FixtureDef, request) -> object | None:
        asyncio_mode = _get_asyncio_mode(request.config)
        if not _is_asyncio_fixture_function(fixturedef.func):
            if asyncio_mode == Mode.STRICT:
                # Ignore async fixtures without explicit asyncio mark in strict mode
                # This applies to pytest_trio fixtures, for example
>               return (yield)
                        ^^^^^
E               pytest.PytestRemovedIn9Warning: 'test_invalidate_session' requested an async fixture 'mock_redis', with no plugin or hook that handled it. This is usually an error, as pytest does not natively support it. This will turn into an error in pytest 9.
E               See: https://docs.pytest.org/en/stable/deprecations.html#sync-test-depending-on-async-fixture

..\..\..\AppData\Roaming\Python\Python313\site-packages\pytest_asyncio\plugin.py:728: PytestRemovedIn9Warning
______________________ ERROR at setup of test_get_stats _______________________

self = <Coroutine test_get_stats>

    def setup(self) -> None:
        runner_fixture_id = f"_{self._loop_scope}_scoped_runner"
        if runner_fixture_id not in self.fixturenames:
            self.fixturenames.append(runner_fixture_id)
>       return super().setup()
               ^^^^^^^^^^^^^^^

..\..\..\AppData\Roaming\Python\Python313\site-packages\pytest_asyncio\plugin.py:458: 
_ _ _ _ _ _ _ _ _ _ _ _ _ _ _ _ _ _ _ _ _ _ _ _ _ _ _ _ _ _ _ _ _ _ _ _ _ _ _ _

fixturedef = <FixtureDef argname='mock_redis' scope='function' baseid='tests/test_cache_service.py'>
request = <SubRequest 'mock_redis' for <Coroutine test_get_stats>>

    @pytest.hookimpl(wrapper=True)
    def pytest_fixture_setup(fixturedef: FixtureDef, request) -> object | None:
        asyncio_mode = _get_asyncio_mode(request.config)
        if not _is_asyncio_fixture_function(fixturedef.func):
            if asyncio_mode == Mode.STRICT:
                # Ignore async fixtures without explicit asyncio mark in strict mode
                # This applies to pytest_trio fixtures, for example
>               return (yield)
                        ^^^^^
E               pytest.PytestRemovedIn9Warning: 'test_get_stats' requested an async fixture 'mock_redis', with no plugin or hook that handled it. This is usually an error, as pytest does not natively support it. This will turn into an error in pytest 9.
E               See: https://docs.pytest.org/en/stable/deprecations.html#sync-test-depending-on-async-fixture

..\..\..\AppData\Roaming\Python\Python313\site-packages\pytest_asyncio\plugin.py:728: PytestRemovedIn9Warning
_________________ ERROR at setup of test_invalidate_user_all __________________

self = <Coroutine test_invalidate_user_all>

    def setup(self) -> None:
        runner_fixture_id = f"_{self._loop_scope}_scoped_runner"
        if runner_fixture_id not in self.fixturenames:
            self.fixturenames.append(runner_fixture_id)
>       return super().setup()
               ^^^^^^^^^^^^^^^

..\..\..\AppData\Roaming\Python\Python313\site-packages\pytest_asyncio\plugin.py:458: 
_ _ _ _ _ _ _ _ _ _ _ _ _ _ _ _ _ _ _ _ _ _ _ _ _ _ _ _ _ _ _ _ _ _ _ _ _ _ _ _

fixturedef = <FixtureDef argname='mock_redis' scope='function' baseid='tests/test_cache_service.py'>
request = <SubRequest 'mock_redis' for <Coroutine test_invalidate_user_all>>

    @pytest.hookimpl(wrapper=True)
    def pytest_fixture_setup(fixturedef: FixtureDef, request) -> object | None:
        asyncio_mode = _get_asyncio_mode(request.config)
        if not _is_asyncio_fixture_function(fixturedef.func):
            if asyncio_mode == Mode.STRICT:
                # Ignore async fixtures without explicit asyncio mark in strict mode
                # This applies to pytest_trio fixtures, for example
>               return (yield)
                        ^^^^^
E               pytest.PytestRemovedIn9Warning: 'test_invalidate_user_all' requested an async fixture 'mock_redis', with no plugin or hook that handled it. This is usually an error, as pytest does not natively support it. This will turn into an error in pytest 9.
E               See: https://docs.pytest.org/en/stable/deprecations.html#sync-test-depending-on-async-fixture

..\..\..\AppData\Roaming\Python\Python313\site-packages\pytest_asyncio\plugin.py:728: PytestRemovedIn9Warning
=========================== short test summary info ===========================
ERROR tests/test_cache_service.py::test_initialization - pytest.PytestRemoved...
ERROR tests/test_cache_service.py::test_get_user_config_hit - pytest.PytestRe...
ERROR tests/test_cache_service.py::test_get_user_config_miss - pytest.PytestR...
ERROR tests/test_cache_service.py::test_get_user_config_error - pytest.Pytest...
ERROR tests/test_cache_service.py::test_set_user_config - pytest.PytestRemove...
ERROR tests/test_cache_service.py::test_invalidate_user_config - pytest.Pytes...
ERROR tests/test_cache_service.py::test_get_session_metadata_hit - pytest.Pyt...
ERROR tests/test_cache_service.py::test_set_session_metadata - pytest.PytestR...
ERROR tests/test_cache_service.py::test_invalidate_session - pytest.PytestRem...
ERROR tests/test_cache_service.py::test_get_stats - pytest.PytestRemovedIn9Wa...
ERROR tests/test_cache_service.py::test_invalidate_user_all - pytest.PytestRe...
============================= 11 errors in 1.28s ==============================
